bun test v1.3.9 (cf6cdbbb)
bun : 
At line:1 char:1
+ bun test > test_output.txt 2>&1
+ ~~~~~~~~~~~~~~~~~~~~~~~~~~~~~~~
    + CategoryInfo          : NotSpecified:  
   (:String) [], RemoteException
    + FullyQualifiedErrorId : NativeCommandE 
   rror
 
src\lib\calculations\__tests__\calculations.t
est.ts:
(pass) Weight Calculations > Method A (Total 
Weight Deduction) > should calculate net 
weight correctly for 15.700 kg
(pass) Weight Calculations > Method A (Total 
Weight Deduction) > should calculate net 
weight correctly for 13.500 kg
(pass) Weight Calculations > Method B (Kg 
Only Deduction) > should calculate net 
weight correctly for 15.700 kg
29 |             expect(result).toBe(14.950);
30 |         });
31 | 
32 |         it('should calculate net weight 
correctly for 13.500 kg', () => {
33 |             const result = 
calculateNetWeightMethodB(13.500);
34 |             expect(result).toBe(12.750);
                                ^
error: expect(received).toBe(expected)

Expected: 12.75
Received: 12.85

      at <anonymous> (D:\Projects\Aroti_antig
ravity\web\src\lib\calculations\__tests__\cal
culations.test.ts:34:28)
(fail) Weight Calculations > Method B (Kg 
Only Deduction) > should calculate net 
weight correctly for 13.500 kg
(pass) Monetary Calculations > should 
calculate base amount correctly
(pass) Monetary Calculations > should 
calculate final amount with 2% commission
(pass) Monetary Calculations > should 
calculate final amount with 1.5% commission
(pass) Full Transaction Calculation > should 
calculate complete transaction using Method 
A (PRD Example)
(pass) Full Transaction Calculation > should 
calculate complete transaction using Method 
B (PRD Example)
92 |             ratePerKg: 120,
93 |             deductionMethod: 'B',
94 |         });
95 | 
96 |         const amountDifference = 
methodB.finalAmount - methodA.finalAmount;
97 |         
expect(amountDifference).toBe(4.28);
                                      ^
error: expect(received).toBe(expected)

Expected: 4.28
Received: 4.2800000000002

      at <anonymous> (D:\Projects\Aroti_antig
ravity\web\src\lib\calculations\__tests__\cal
culations.test.ts:97:34)
(fail) Full Transaction Calculation > should 
show difference between Method A and B

 8 pass
 2 fail
 14 expect() calls
Ran 10 tests across 1 file. [442.00ms]
